// Jest Snapshot v1, https://goo.gl/fbAQLP

exports[`Assets should render component with no assets 1`] = `
<div>
  <div
    class="dragdrop"
    tabindex="0"
  >
    <p
      class="center"
    >
      Drop assets here
    </p>
  </div>
</div>
`;

exports[`Assets should render with assets in props 1`] = `
<div>
  <div
    class="dragdrop"
    tabindex="0"
  >
    <button
      class="clear"
    >
      Clear
    </button>
    <ul
      class="thumbnails"
    >
      <li
        class=""
      >
        <button>
          <img />
        </button>
      </li>
    </ul>
  </div>
</div>
`;
